>cos_cns_publication_autotune_then_run_chain.bat

Topologies: ['chain'] | publish_topology=chain
[chain] nosignal [############################] 7500/7500  elapsed=4:42:02  eta=0:00  t=24/24
[chain] cone [############################] 5000/5000  elapsed=3:17:50  eta=0:00  t=24/24
[autotune] start: steps=[2, 3, 4, 5, 6, 8, 10, 12, 16, 20], trials=20, ntraj=300, tau=0.05
[autotune] candidates [############################] 190/190  elapsed=1315:35:47  eta=0:00  steps=20, B=18
[chain] sched(confluent) [############################] 4000/4000  elapsed=1336:31:38  eta=0:00  trial=20/20
[chain] sched(nonconfluent) [############################] 4000/4000  elapsed=3:14:08  eta=0:00  trial=20/20
[chain] nc1 [############################] 2100/2100  elapsed=25:34  eta=0:00  t=6/6
[chain] nc2 [############################] 2100/2100  elapsed=25:30  eta=0:00  t=6/6
[chain] nc4 [############################] 400/400  elapsed=0:00  eta=0:00  NC4 sampling
  chain: run_id=20260224T200523Z_1ca76d_chain |E|=18 matchings=3 dist(A,B)=18 publish=True pass(ns)=True pass(sched)=True overall=True

Results summary (per topology):
topology  run_id                         dist(A,B)  |E|  matchings  pass(ns)  pass(sched)  overall
--------------------------------------------------------------------------------------------------
chain     20260224T200523Z_1ca76d_chain  18         18   3          OK        OK           OK

Using autotune run: runs\20260224T200523Z_1ca76d_chain
Autotune picked: sched_steps=10  sched_B=14
Topologies: ['chain', 'star', 'er'] | publish_topology=chain
[chain] nosignal [############################] 30000/30000  elapsed=23:01:12  eta=0:00  t=24/24
[chain] cone [############################] 5000/5000  elapsed=4:15:38  eta=0:00  t=24/24
[chain] sched(confluent) [############################] 12000/12000  elapsed=7:30:07  eta=0:00  trial=60/60
[chain] sched(nonconfluent) [############################] 12000/12000  elapsed=8:27:55  eta=0:00  trial=60/60
[chain] nc1 [############################] 2100/2100  elapsed=24:02  eta=0:00  t=6/6
[chain] nc2 [############################] 2100/2100  elapsed=27:06  eta=0:00  t=6/6
[chain] nc4 [############################] 400/400  elapsed=0:00  eta=0:00  NC4 sampling
  chain: run_id=20260422T004235Z_1ca76d_chain |E|=18 matchings=3 dist(A,B)=18 publish=True pass(ns)=True pass(sched)=True overall=True
[star] nosignal [############################] 30000/30000  elapsed=18:41:38  eta=0:00  t=24/24
[star] cone [############################] 5000/5000  elapsed=2:59:10  eta=0:00  t=24/24
[star] sched(confluent) [############################] 12000/12000  elapsed=5:51:55  eta=0:00  trial=60/60
[star] sched(nonconfluent) [############################] 12000/12000  elapsed=9:06:02  eta=0:00  trial=60/60
[star] nc1 [############################] 2100/2100  elapsed=19:41  eta=0:00  t=6/6
[star] nc2 [############################] 2100/2100  elapsed=19:43  eta=0:00  t=6/6
[star] nc4 [############################] 400/400  elapsed=0:00  eta=0:00  NC4 sampling
  star: run_id=20260422T004235Z_1ca76d_star |E|=18 matchings=18 dist(A,B)=2 publish=False pass(ns)=True pass(sched)=True overall=True
[er] nosignal [############################] 30000/30000  elapsed=23:48:17  eta=0:00  t=24/24
[er] cone [############################] 5000/5000  elapsed=4:19:59  eta=0:00  t=24/24
[er] sched(confluent) [############################] 12000/12000  elapsed=8:17:00  eta=0:00  trial=60/60
[er] sched(nonconfluent) [############################] 12000/12000  elapsed=21:29:59  eta=0:00  trial=60/60
[er] nc1 [############################] 2100/2100  elapsed=21:33  eta=0:00  t=6/6
[er] nc2 [############################] 2100/2100  elapsed=21:27  eta=0:00  t=6/6
[er] nc4 [############################] 400/400  elapsed=0:00  eta=0:00  NC4 sampling
  er: run_id=20260422T004235Z_1ca76d_er |E|=73 matchings=11 dist(A,B)=2 publish=False pass(ns)=True pass(sched)=True overall=True

Results summary (per topology):
topology  run_id                         dist(A,B)  |E|  matchings  pass(ns)  pass(sched)  overall
--------------------------------------------------------------------------------------------------
chain     20260422T004235Z_1ca76d_chain  18         18   3          OK        OK           OK
star      20260422T004235Z_1ca76d_star   2          18   18         OK        OK           OK
er        20260422T004235Z_1ca76d_er     2          73   11         OK        OK           OK
